
> Configure project :
Fabric Loom: 1.14.10

> Task :compileJava NO-SOURCE
> Task :processResources UP-TO-DATE
> Task :classes UP-TO-DATE
> Task :compileClientJava UP-TO-DATE
> Task :processClientResources NO-SOURCE
> Task :jar
> Task :processIncludeJars
> Task :clientClasses UP-TO-DATE
> Task :compileTestJava NO-SOURCE
> Task :processTestResources NO-SOURCE
> Task :testClasses UP-TO-DATE
> Task :test NO-SOURCE
> Task :validateAccessWidener NO-SOURCE
> Task :check UP-TO-DATE
> Task :remapJar
> Task :remapSourcesJar SKIPPED
> Task :assemble
> Task :build

BUILD SUCCESSFUL in 5s
5 actionable tasks: 3 executed, 2 up-to-date
